// Jest Snapshot v1, https://goo.gl/fbAQLP

exports[`MusicDetail page matches snapshot 1`] = `<div />`;
