// Jest Snapshot v1, https://goo.gl/fbAQLP

exports[`Search Result page matches snapshot 1`] = `
<div>
  <div
    class="sc-jrAFXE jynXyz"
  >
    <nav
      class="sc-kEjbQP eVNQAr"
    >
      <ul>
        <button
          class="sc-iqHYmW gwycnj"
        >
          Title
        </button>
        <button
          class="sc-iqHYmW fGfoqI"
        >
          Artist
        </button>
      </ul>
    </nav>
    <div
      class="sc-pGacB kGKRFi"
    >
      <svg
        aria-hidden="true"
        class="MuiSvgIcon-root icon"
        focusable="false"
        viewBox="0 0 24 24"
      >
        <path
          d="M20 2H4c-1.1 0-1.99.9-1.99 2L2 22l4-4h14c1.1 0 2-.9 2-2V4c0-1.1-.9-2-2-2zm-7 12h-2v-2h2v2zm0-4h-2V6h2v4z"
        />
      </svg>
      <strong>
        검색 결과를 찾지 못했습니다
      </strong>
      <p>
        다시 시도해주세요
      </p>
    </div>
  </div>
</div>
`;
